[{ 
analysis_id: "$id",
files: [ { file_id: "", file_name: "" }, ... ]
]
